##+checking code
##-fail: machine code does not match expectation
