##+code size check
##-ok
##+generating code
##-ok
##+checking code
##-ok
##+running code
##-ok
