##+iteration 1
##-ok
##+iteration 2
##-ok
##+iteration 3
##-ok
##+iteration 4
##-ok
##+iteration 5
##-ok
##+iteration 6
##-ok
##+iteration 7
##-ok
##+iteration 8
##-ok
