##+open
##-ok
##+read
##-ok
##+write
FooBarBaz==78723487
0123456789
)!@#$%^&*(
>>>>>>>>>>
##-ok
